// Jest Snapshot v1, https://goo.gl/fbAQLP

exports[`Tests del componente Dashboard. El componente Dashboard se renderiza correctamente. 1`] = `
Object {
  "asFragment": [Function],
  "baseElement": <body>
    <div>
      <h2>
        Top Heroes
      </h2>
      <div
        class="heroes-menu"
      >
        <a
          href="/hero-detail/12"
        >
          Pepito
        </a>
        <a
          href="/hero-detail/13"
        >
          Bombasto
        </a>
        <a
          href="/hero-detail/14"
        >
          Celeritas
        </a>
        <a
          href="/hero-detail/15"
        >
          Magneta
        </a>
        <a
          href="/hero-detail/16"
        >
          RubberMan
        </a>
        <a
          href="/hero-detail/17"
        >
          Dynama
        </a>
        <a
          href="/hero-detail/18"
        >
          Dr IQ
        </a>
        <a
          href="/hero-detail/19"
        >
          Magma
        </a>
        <a
          href="/hero-detail/20"
        >
          Tornado
        </a>
      </div>
      <label
        for="search"
      >
        Hero Search:
        <input
          id="search"
          name="search"
          placeholder="Hero name"
          type="text"
          value=""
        />
      </label>
    </div>
  </body>,
  "container": <div>
    <h2>
      Top Heroes
    </h2>
    <div
      class="heroes-menu"
    >
      <a
        href="/hero-detail/12"
      >
        Pepito
      </a>
      <a
        href="/hero-detail/13"
      >
        Bombasto
      </a>
      <a
        href="/hero-detail/14"
      >
        Celeritas
      </a>
      <a
        href="/hero-detail/15"
      >
        Magneta
      </a>
      <a
        href="/hero-detail/16"
      >
        RubberMan
      </a>
      <a
        href="/hero-detail/17"
      >
        Dynama
      </a>
      <a
        href="/hero-detail/18"
      >
        Dr IQ
      </a>
      <a
        href="/hero-detail/19"
      >
        Magma
      </a>
      <a
        href="/hero-detail/20"
      >
        Tornado
      </a>
    </div>
    <label
      for="search"
    >
      Hero Search:
      <input
        id="search"
        name="search"
        placeholder="Hero name"
        type="text"
        value=""
      />
    </label>
  </div>,
  "debug": [Function],
  "findAllByAltText": [Function],
  "findAllByDisplayValue": [Function],
  "findAllByLabelText": [Function],
  "findAllByPlaceholderText": [Function],
  "findAllByRole": [Function],
  "findAllByTestId": [Function],
  "findAllByText": [Function],
  "findAllByTitle": [Function],
  "findByAltText": [Function],
  "findByDisplayValue": [Function],
  "findByLabelText": [Function],
  "findByPlaceholderText": [Function],
  "findByRole": [Function],
  "findByTestId": [Function],
  "findByText": [Function],
  "findByTitle": [Function],
  "getAllByAltText": [Function],
  "getAllByDisplayValue": [Function],
  "getAllByLabelText": [Function],
  "getAllByPlaceholderText": [Function],
  "getAllByRole": [Function],
  "getAllByTestId": [Function],
  "getAllByText": [Function],
  "getAllByTitle": [Function],
  "getByAltText": [Function],
  "getByDisplayValue": [Function],
  "getByLabelText": [Function],
  "getByPlaceholderText": [Function],
  "getByRole": [Function],
  "getByTestId": [Function],
  "getByText": [Function],
  "getByTitle": [Function],
  "queryAllByAltText": [Function],
  "queryAllByDisplayValue": [Function],
  "queryAllByLabelText": [Function],
  "queryAllByPlaceholderText": [Function],
  "queryAllByRole": [Function],
  "queryAllByTestId": [Function],
  "queryAllByText": [Function],
  "queryAllByTitle": [Function],
  "queryByAltText": [Function],
  "queryByDisplayValue": [Function],
  "queryByLabelText": [Function],
  "queryByPlaceholderText": [Function],
  "queryByRole": [Function],
  "queryByTestId": [Function],
  "queryByText": [Function],
  "queryByTitle": [Function],
  "rerender": [Function],
  "unmount": [Function],
}
`;
