// Jest Snapshot v1, https://goo.gl/fbAQLP

exports[`Tests del componente Heroes. El componente Heroes se renderiza correctamente. 1`] = `
Object {
  "asFragment": [Function],
  "baseElement": <body>
    <div>
      <h2>
        My Heroes
      </h2>
      <div>
        <label
          for="name"
        >
          Hero name:
          <input
            id="name"
            name="name"
            placeholder="Hero name"
            value=""
          />
        </label>
        <button
          class="add-button"
          type="button"
        >
          Add hero
        </button>
      </div>
      <ul
        class="heroes"
      >
        <li>
          <a
            href="/hero-detail/12"
          >
            <span
              class="badge"
            >
              12
            </span>
             
            Pepito
          </a>
          <button
            class="delete"
            title="delete hero"
            type="button"
          >
            x
          </button>
        </li>
      </ul>
      <ul
        class="heroes"
      >
        <li>
          <a
            href="/hero-detail/13"
          >
            <span
              class="badge"
            >
              13
            </span>
             
            Bombasto
          </a>
          <button
            class="delete"
            title="delete hero"
            type="button"
          >
            x
          </button>
        </li>
      </ul>
      <ul
        class="heroes"
      >
        <li>
          <a
            href="/hero-detail/14"
          >
            <span
              class="badge"
            >
              14
            </span>
             
            Celeritas
          </a>
          <button
            class="delete"
            title="delete hero"
            type="button"
          >
            x
          </button>
        </li>
      </ul>
      <ul
        class="heroes"
      >
        <li>
          <a
            href="/hero-detail/15"
          >
            <span
              class="badge"
            >
              15
            </span>
             
            Magneta
          </a>
          <button
            class="delete"
            title="delete hero"
            type="button"
          >
            x
          </button>
        </li>
      </ul>
      <ul
        class="heroes"
      >
        <li>
          <a
            href="/hero-detail/16"
          >
            <span
              class="badge"
            >
              16
            </span>
             
            RubberMan
          </a>
          <button
            class="delete"
            title="delete hero"
            type="button"
          >
            x
          </button>
        </li>
      </ul>
      <ul
        class="heroes"
      >
        <li>
          <a
            href="/hero-detail/17"
          >
            <span
              class="badge"
            >
              17
            </span>
             
            Dynama
          </a>
          <button
            class="delete"
            title="delete hero"
            type="button"
          >
            x
          </button>
        </li>
      </ul>
      <ul
        class="heroes"
      >
        <li>
          <a
            href="/hero-detail/18"
          >
            <span
              class="badge"
            >
              18
            </span>
             
            Dr IQ
          </a>
          <button
            class="delete"
            title="delete hero"
            type="button"
          >
            x
          </button>
        </li>
      </ul>
      <ul
        class="heroes"
      >
        <li>
          <a
            href="/hero-detail/19"
          >
            <span
              class="badge"
            >
              19
            </span>
             
            Magma
          </a>
          <button
            class="delete"
            title="delete hero"
            type="button"
          >
            x
          </button>
        </li>
      </ul>
      <ul
        class="heroes"
      >
        <li>
          <a
            href="/hero-detail/20"
          >
            <span
              class="badge"
            >
              20
            </span>
             
            Tornado
          </a>
          <button
            class="delete"
            title="delete hero"
            type="button"
          >
            x
          </button>
        </li>
      </ul>
    </div>
  </body>,
  "container": <div>
    <h2>
      My Heroes
    </h2>
    <div>
      <label
        for="name"
      >
        Hero name:
        <input
          id="name"
          name="name"
          placeholder="Hero name"
          value=""
        />
      </label>
      <button
        class="add-button"
        type="button"
      >
        Add hero
      </button>
    </div>
    <ul
      class="heroes"
    >
      <li>
        <a
          href="/hero-detail/12"
        >
          <span
            class="badge"
          >
            12
          </span>
           
          Pepito
        </a>
        <button
          class="delete"
          title="delete hero"
          type="button"
        >
          x
        </button>
      </li>
    </ul>
    <ul
      class="heroes"
    >
      <li>
        <a
          href="/hero-detail/13"
        >
          <span
            class="badge"
          >
            13
          </span>
           
          Bombasto
        </a>
        <button
          class="delete"
          title="delete hero"
          type="button"
        >
          x
        </button>
      </li>
    </ul>
    <ul
      class="heroes"
    >
      <li>
        <a
          href="/hero-detail/14"
        >
          <span
            class="badge"
          >
            14
          </span>
           
          Celeritas
        </a>
        <button
          class="delete"
          title="delete hero"
          type="button"
        >
          x
        </button>
      </li>
    </ul>
    <ul
      class="heroes"
    >
      <li>
        <a
          href="/hero-detail/15"
        >
          <span
            class="badge"
          >
            15
          </span>
           
          Magneta
        </a>
        <button
          class="delete"
          title="delete hero"
          type="button"
        >
          x
        </button>
      </li>
    </ul>
    <ul
      class="heroes"
    >
      <li>
        <a
          href="/hero-detail/16"
        >
          <span
            class="badge"
          >
            16
          </span>
           
          RubberMan
        </a>
        <button
          class="delete"
          title="delete hero"
          type="button"
        >
          x
        </button>
      </li>
    </ul>
    <ul
      class="heroes"
    >
      <li>
        <a
          href="/hero-detail/17"
        >
          <span
            class="badge"
          >
            17
          </span>
           
          Dynama
        </a>
        <button
          class="delete"
          title="delete hero"
          type="button"
        >
          x
        </button>
      </li>
    </ul>
    <ul
      class="heroes"
    >
      <li>
        <a
          href="/hero-detail/18"
        >
          <span
            class="badge"
          >
            18
          </span>
           
          Dr IQ
        </a>
        <button
          class="delete"
          title="delete hero"
          type="button"
        >
          x
        </button>
      </li>
    </ul>
    <ul
      class="heroes"
    >
      <li>
        <a
          href="/hero-detail/19"
        >
          <span
            class="badge"
          >
            19
          </span>
           
          Magma
        </a>
        <button
          class="delete"
          title="delete hero"
          type="button"
        >
          x
        </button>
      </li>
    </ul>
    <ul
      class="heroes"
    >
      <li>
        <a
          href="/hero-detail/20"
        >
          <span
            class="badge"
          >
            20
          </span>
           
          Tornado
        </a>
        <button
          class="delete"
          title="delete hero"
          type="button"
        >
          x
        </button>
      </li>
    </ul>
  </div>,
  "debug": [Function],
  "findAllByAltText": [Function],
  "findAllByDisplayValue": [Function],
  "findAllByLabelText": [Function],
  "findAllByPlaceholderText": [Function],
  "findAllByRole": [Function],
  "findAllByTestId": [Function],
  "findAllByText": [Function],
  "findAllByTitle": [Function],
  "findByAltText": [Function],
  "findByDisplayValue": [Function],
  "findByLabelText": [Function],
  "findByPlaceholderText": [Function],
  "findByRole": [Function],
  "findByTestId": [Function],
  "findByText": [Function],
  "findByTitle": [Function],
  "getAllByAltText": [Function],
  "getAllByDisplayValue": [Function],
  "getAllByLabelText": [Function],
  "getAllByPlaceholderText": [Function],
  "getAllByRole": [Function],
  "getAllByTestId": [Function],
  "getAllByText": [Function],
  "getAllByTitle": [Function],
  "getByAltText": [Function],
  "getByDisplayValue": [Function],
  "getByLabelText": [Function],
  "getByPlaceholderText": [Function],
  "getByRole": [Function],
  "getByTestId": [Function],
  "getByText": [Function],
  "getByTitle": [Function],
  "queryAllByAltText": [Function],
  "queryAllByDisplayValue": [Function],
  "queryAllByLabelText": [Function],
  "queryAllByPlaceholderText": [Function],
  "queryAllByRole": [Function],
  "queryAllByTestId": [Function],
  "queryAllByText": [Function],
  "queryAllByTitle": [Function],
  "queryByAltText": [Function],
  "queryByDisplayValue": [Function],
  "queryByLabelText": [Function],
  "queryByPlaceholderText": [Function],
  "queryByRole": [Function],
  "queryByTestId": [Function],
  "queryByText": [Function],
  "queryByTitle": [Function],
  "rerender": [Function],
  "unmount": [Function],
}
`;
